C51 COMPILER V9.53.0.0   FOUNTAIN                                                          02/16/2021 14:57:46 PAGE 1   


C51 COMPILER V9.53.0.0, COMPILATION OF MODULE FOUNTAIN
OBJECT MODULE PLACED IN .\fountain.obj
COMPILER INVOKED BY: d:\Keil_v5\C51\BIN\C51.EXE ..\APP\fountain.c OPTIMIZE(9,SPEED) BROWSE INCDIR(..\APP\FRAME;..\COM;..
                    -\DRV;..\HAL;..\APP) DEBUG OBJECTEXTEND PRINT(.\Listings\fountain.lst) TABS(2) OBJECT(.\fountain.obj)

line level    source

   1          #include "fountain.h"
   2          #include "cache.h"
   3          #include "typedef.h"
   4          #include "player.h"
   5          
   6          static void __fountain_set(flush_param_t *param, uint8_t action_index, uint8_t start, uint8_t end, positio
             -n_type_t position_type)
   7          {
   8   1          param->color_index = param->color_index % COLOR_HSV_ARRAY1_ROWS;
   9   1      
  10   1          if (param->fade_interval == 0)
  11   1              param->fade_type = E_FADE_TYPE_KEEP;
  12   1      
  13   1          if (param->is_static_color)
  14   1          {
  15   2              param->mode = E_FOUNTAIN_MODE_SINGLE;
  16   2          }
  17   1      
  18   1          flush_fade_init(param, action_index, param->mode == E_FOUNTAIN_MODE_SINGLE);
  19   1      
  20   1          param->fade_interval *= 2;
  21   1          if (E_FOUNTAIN_POSITION_LEFT1 <= param->position && param->position <= E_FOUNTAIN_POSITION_CLOSE1)
  22   1          {
  23   2              ctrl_set(param, 12, 1, 1, 5, action_index, start, end, position_type, 0, 0, 0);
  24   2          } 
  25   1          else
  26   1          {
  27   2              ctrl_set(param, 2, 1, 1, 5, action_index, start, end, position_type, 0, 0, 0);
  28   2          }
  29   1      }
  30          
  31          void fountain_set(flush_param_t *param)
  32          {
  33   1          data uint8_t action_index = 0;
  34   1      
  35   1          switch (param->position)
  36   1          {
  37   2              case E_FOUNTAIN_POSITION_LEFT:
  38   2              case E_FOUNTAIN_POSITION_LEFT1:
  39   2                  __fountain_set(param, action_index, 0, 49, E_POSITION_TYPE_MOVE_LEFT);
  40   2                  break;
  41   2              case E_FOUNTAIN_POSITION_RIGHT:
  42   2              case E_FOUNTAIN_POSITION_RIGHT1:
  43   2                  __fountain_set(param, action_index, 0, 49, E_POSITION_TYPE_MOVE_RIGHT);
  44   2                  break;
  45   2              case E_FOUNTAIN_POSITION_OPEN:
  46   2              case E_FOUNTAIN_POSITION_OPEN1:
  47   2                  __fountain_set(param, action_index, 0, 24, E_POSITION_TYPE_MOVE_LEFT); action_index ++;
  48   2                  __fountain_set(param, action_index, 25, 49, E_POSITION_TYPE_MOVE_RIGHT);
  49   2                  break;
  50   2              case E_FOUNTAIN_POSITION_CLOSE:
  51   2              case E_FOUNTAIN_POSITION_CLOSE1:
  52   2                  __fountain_set(param, action_index, 0, 24, E_POSITION_TYPE_MOVE_RIGHT); action_index ++;
  53   2                  __fountain_set(param, action_index, 25, 49, E_POSITION_TYPE_MOVE_LEFT);
C51 COMPILER V9.53.0.0   FOUNTAIN                                                          02/16/2021 14:57:46 PAGE 2   

  54   2                  break;
  55   2              default:
  56   2                  break;
  57   2          }
  58   1      
  59   1          //把配置的action设置到播放器
  60   1          player_set(0, 0, action_index, 0, true);
  61   1      }


MODULE INFORMATION:   STATIC OVERLAYABLE
   CODE SIZE        =    331    ----
   CONSTANT SIZE    =   ----    ----
   XDATA SIZE       =   ----    ----
   PDATA SIZE       =   ----    ----
   DATA SIZE        =   ----      11
   IDATA SIZE       =   ----    ----
   BIT SIZE         =   ----    ----
END OF MODULE INFORMATION.


C51 COMPILATION COMPLETE.  0 WARNING(S),  0 ERROR(S)
